/opt/homebrew/share/qt/libexec/moc -DQT_NO_DEBUG -DQT_QUICKCONTROLS2_LIB -DQT_QUICKDIALOGS2_LIB -DQT_QUICK_LIB -DQT_OPENGL_LIB -DQT_PRINTSUPPORT_LIB -DQT_WIDGETS_LIB -DQT_GUI_LIB -DQT_QML_LIB -DQT_QMLINTEGRATION_LIB -DQT_NETWORK_LIB -DQT_TESTLIB_LIB -DQT_CONCURRENT_LIB -DQT_CORE_LIB -DQT_TESTCASE_BUILDDIR='"/Users/andrewgray/repo/projects/fomawrite_mac/build-tests"' --include /Users/andrewgray/repo/projects/fomawrite_mac/build-tests/moc_predefs.h -I/opt/homebrew/share/qt/mkspecs/macx-clang -I/Users/andrewgray/repo/projects/fomawrite_mac/tests -I/Users/andrewgray/repo/projects/fomawrite_mac/src -I/opt/homebrew/lib/QtQuickControls2.framework/Headers -I/opt/homebrew/lib/QtQuickDialogs2.framework/Headers -I/opt/homebrew/lib/QtQuick.framework/Headers -I/opt/homebrew/lib/QtOpenGL.framework/Headers -I/opt/homebrew/lib/QtPrintSupport.framework/Headers -I/opt/homebrew/lib/QtWidgets.framework/Headers -I/opt/homebrew/lib/QtGui.framework/Headers -I/opt/homebrew/lib/QtQml.framework/Headers -I/opt/homebrew/include -I/opt/homebrew/include/QtQmlIntegration -I/opt/homebrew/lib/QtNetwork.framework/Headers -I/opt/homebrew/lib/QtTest.framework/Headers -I/opt/homebrew/lib/QtConcurrent.framework/Headers -I/opt/homebrew/lib/QtCore.framework/Headers -I. -I/Library/Developer/CommandLineTools/SDKs/MacOSX.sdk/usr/include/c++/v1 -I/Library/Developer/CommandLineTools/usr/lib/clang/17/include -I/Library/Developer/CommandLineTools/SDKs/MacOSX.sdk/usr/include -I/Library/Developer/CommandLineTools/usr/include -F/opt/homebrew/lib ../tests/tst_fomawrite.cpp -o tst_fomawrite.moc
/Library/Developer/CommandLineTools/usr/bin/clang++ -c -pipe -stdlib=libc++ -O2 -std=gnu++1z  -arch arm64 -isysroot /Library/Developer/CommandLineTools/SDKs/MacOSX.sdk -mmacosx-version-min=14.0 -Wall -Wextra -DQT_NO_DEBUG -DQT_QUICKCONTROLS2_LIB -DQT_QUICKDIALOGS2_LIB -DQT_QUICK_LIB -DQT_OPENGL_LIB -DQT_PRINTSUPPORT_LIB -DQT_WIDGETS_LIB -DQT_GUI_LIB -DQT_QML_LIB -DQT_QMLINTEGRATION_LIB -DQT_NETWORK_LIB -DQT_TESTLIB_LIB -DQT_CONCURRENT_LIB -DQT_CORE_LIB -DQT_TESTCASE_BUILDDIR='"/Users/andrewgray/repo/projects/fomawrite_mac/build-tests"' -I../tests -I. -I../src -I/opt/homebrew/lib/QtQuickControls2.framework/Headers -I/opt/homebrew/lib/QtQuickDialogs2.framework/Headers -I/opt/homebrew/lib/QtQuick.framework/Headers -I/opt/homebrew/lib/QtOpenGL.framework/Headers -I/opt/homebrew/lib/QtPrintSupport.framework/Headers -I/opt/homebrew/lib/QtWidgets.framework/Headers -I/opt/homebrew/lib/QtGui.framework/Headers -I/opt/homebrew/lib/QtQml.framework/Headers -I/opt/homebrew/include -I/opt/homebrew/include/QtQmlIntegration -I/opt/homebrew/lib/QtNetwork.framework/Headers -I/opt/homebrew/lib/QtTest.framework/Headers -I/opt/homebrew/lib/QtConcurrent.framework/Headers -I/opt/homebrew/lib/QtCore.framework/Headers -I. -I/Library/Developer/CommandLineTools/SDKs/MacOSX.sdk/System/Library/Frameworks/OpenGL.framework/Headers -I/Library/Developer/CommandLineTools/SDKs/MacOSX.sdk/System/Library/Frameworks/OpenGL.framework/Headers -I/opt/homebrew/share/qt/mkspecs/macx-clang -F/opt/homebrew/lib -o tst_fomawrite.o ../tests/tst_fomawrite.cpp
../tests/tst_fomawrite.cpp:1108:15: warning: unused variable 'settings' [-Wunused-variable]
 1108 |         auto *settings = window->findChild<QObject *>("workspaceSettings");
      |               ^~~~~~~~
../tests/tst_fomawrite.cpp:3281:15: warning: unused variable 'layout' [-Wunused-variable]
 3281 |         auto *layout = window->findChild<QObject *>("workspaceLayout");
      |               ^~~~~~
../tests/tst_fomawrite.cpp:3315:15: warning: unused variable 'layout' [-Wunused-variable]
 3315 |         auto *layout = window->findChild<QObject *>("workspaceLayout");
      |               ^~~~~~
../tests/tst_fomawrite.cpp:3391:15: warning: unused variable 'layout' [-Wunused-variable]
 3391 |         auto *layout = window->findChild<QObject *>("workspaceLayout");
      |               ^~~~~~
../tests/tst_fomawrite.cpp:3480:15: warning: unused variable 'layout' [-Wunused-variable]
 3480 |         auto *layout = window->findChild<QObject *>("workspaceLayout");
      |               ^~~~~~
../tests/tst_fomawrite.cpp:3579:15: warning: unused variable 'layout' [-Wunused-variable]
 3579 |         auto *layout = window->findChild<QObject *>("workspaceLayout");
      |               ^~~~~~
../tests/tst_fomawrite.cpp:3966:15: warning: unused variable 'layout' [-Wunused-variable]
 3966 |         auto *layout = window->findChild<QObject *>("workspaceLayout");
      |               ^~~~~~
../tests/tst_fomawrite.cpp:4019:15: warning: unused variable 'layout' [-Wunused-variable]
 4019 |         auto *layout = window->findChild<QObject *>("workspaceLayout");
      |               ^~~~~~
../tests/tst_fomawrite.cpp:4071:15: warning: unused variable 'layout' [-Wunused-variable]
 4071 |         auto *layout = window->findChild<QObject *>("workspaceLayout");
      |               ^~~~~~
../tests/tst_fomawrite.cpp:4192:15: warning: unused variable 'layout' [-Wunused-variable]
 4192 |         auto *layout = window->findChild<QObject *>("workspaceLayout");
      |               ^~~~~~
10 warnings generated.
/Library/Developer/CommandLineTools/usr/bin/clang++ -stdlib=libc++ -headerpad_max_install_names  -arch arm64 -isysroot /Library/Developer/CommandLineTools/SDKs/MacOSX.sdk -mmacosx-version-min=14.0 -Wl,-rpath,@executable_path/../Frameworks -Wl,-rpath,/opt/homebrew/lib -o tst_fomawrite  tst_fomawrite.o backend.o markdownhighlighter.o sourcevisualmapping.o visualtexthighlighter.o outputcss.o filelibrary.o markdownextensions.o workspace.o windowchrome_mac.o qrc_resources.o moc_backend.o moc_markdownhighlighter.o moc_filelibrary.o moc_workspace.o   -F/opt/homebrew/lib -framework QtQuickControls2 -framework QtQuickDialogs2 -framework QtQuick -framework QtOpenGL -framework QtPrintSupport -framework QtWidgets -framework QtGui -framework ImageIO -framework Metal -framework QtQml -framework QtNetwork -framework QtTest -framework Security -framework AppKit -framework ApplicationServices -framework Foundation -framework QtConcurrent -framework QtCore -framework IOKit -framework DiskArbitration -framework UniformTypeIdentifiers -lcups -framework OpenGL
********* Start testing of FomawriteTest *********
Config: Using QtTest library 6.11.2, Qt 6.11.2 (arm64-little_endian-lp64 shared (dynamic) release build; by Apple LLVM 21.0.0 (clang-2100.1.1.101)), macos 27.0.1
PASS   : FomawriteTest::initTestCase()
QWARN  : FomawriteTest::headerQuickZoomPreservesMarkdownAndUndo() qt.qpa.fonts: Populating font family aliases took 53 ms. Replace uses of missing font family "Sans Serif" with one that exists to avoid this cost.
PASS   : FomawriteTest::headerQuickZoomPreservesMarkdownAndUndo()
QWARN  : FomawriteTest::headerQuickControlsStayReachableWhenResized() Overlapping header controls: restoreFilesButton QRectF(317,10 32x32) "restoreOrganizerButton" QRectF(317,10 32x32)
QWARN  : FomawriteTest::headerQuickControlsStayReachableWhenResized() Overlapping header controls: documentBackButton QRectF(358,11 30x30) "restoreFilesButton" QRectF(357,10 32x32)
QWARN  : FomawriteTest::headerQuickControlsStayReachableWhenResized() Overlapping header controls: documentBackButton QRectF(358,11 30x30) "restoreFilesButton" QRectF(357,10 32x32)
PASS   : FomawriteTest::headerQuickControlsStayReachableWhenResized()
PASS   : FomawriteTest::folderHeaderButtonRequestsFolderPicker()
PASS   : FomawriteTest::cleanupTestCase()
Totals: 5 passed, 0 failed, 0 skipped, 0 blacklisted, 6089ms
********* Finished testing of FomawriteTest *********
