/Library/Developer/CommandLineTools/usr/bin/clang++ -c -pipe -stdlib=libc++ -O2 -std=gnu++1z  -arch arm64 -isysroot /Library/Developer/CommandLineTools/SDKs/MacOSX.sdk -mmacosx-version-min=14.0 -Wall -Wextra -DQT_NO_DEBUG -DQT_PRINTSUPPORT_LIB -DQT_WIDGETS_LIB -DQT_QUICKCONTROLS2_LIB -DQT_QUICKDIALOGS2_LIB -DQT_QUICK_LIB -DQT_OPENGL_LIB -DQT_GUI_LIB -DQT_QML_LIB -DQT_QMLINTEGRATION_LIB -DQT_NETWORK_LIB -DQT_CONCURRENT_LIB -DQT_CORE_LIB -I../../fomawrite_mac -I. -I/opt/homebrew/lib/QtPrintSupport.framework/Headers -I/opt/homebrew/lib/QtWidgets.framework/Headers -I/opt/homebrew/lib/QtQuickControls2.framework/Headers -I/opt/homebrew/lib/QtQuickDialogs2.framework/Headers -I/opt/homebrew/lib/QtQuick.framework/Headers -I/opt/homebrew/lib/QtOpenGL.framework/Headers -I/opt/homebrew/lib/QtGui.framework/Headers -I/opt/homebrew/lib/QtQml.framework/Headers -I/opt/homebrew/include -I/opt/homebrew/include/QtQmlIntegration -I/opt/homebrew/lib/QtNetwork.framework/Headers -I/opt/homebrew/lib/QtConcurrent.framework/Headers -I/opt/homebrew/lib/QtCore.framework/Headers -I. -I/Library/Developer/CommandLineTools/SDKs/MacOSX.sdk/System/Library/Frameworks/OpenGL.framework/Headers -I/Library/Developer/CommandLineTools/SDKs/MacOSX.sdk/System/Library/Frameworks/OpenGL.framework/Headers -I/opt/homebrew/share/qt/mkspecs/macx-clang -F/opt/homebrew/lib -o main.o ../src/main.cpp
/Library/Developer/CommandLineTools/usr/bin/clang++ -c -pipe -stdlib=libc++ -O2 -std=gnu++1z  -arch arm64 -isysroot /Library/Developer/CommandLineTools/SDKs/MacOSX.sdk -mmacosx-version-min=14.0 -Wall -Wextra -DQT_NO_DEBUG -DQT_PRINTSUPPORT_LIB -DQT_WIDGETS_LIB -DQT_QUICKCONTROLS2_LIB -DQT_QUICKDIALOGS2_LIB -DQT_QUICK_LIB -DQT_OPENGL_LIB -DQT_GUI_LIB -DQT_QML_LIB -DQT_QMLINTEGRATION_LIB -DQT_NETWORK_LIB -DQT_CONCURRENT_LIB -DQT_CORE_LIB -I../../fomawrite_mac -I. -I/opt/homebrew/lib/QtPrintSupport.framework/Headers -I/opt/homebrew/lib/QtWidgets.framework/Headers -I/opt/homebrew/lib/QtQuickControls2.framework/Headers -I/opt/homebrew/lib/QtQuickDialogs2.framework/Headers -I/opt/homebrew/lib/QtQuick.framework/Headers -I/opt/homebrew/lib/QtOpenGL.framework/Headers -I/opt/homebrew/lib/QtGui.framework/Headers -I/opt/homebrew/lib/QtQml.framework/Headers -I/opt/homebrew/include -I/opt/homebrew/include/QtQmlIntegration -I/opt/homebrew/lib/QtNetwork.framework/Headers -I/opt/homebrew/lib/QtConcurrent.framework/Headers -I/opt/homebrew/lib/QtCore.framework/Headers -I. -I/Library/Developer/CommandLineTools/SDKs/MacOSX.sdk/System/Library/Frameworks/OpenGL.framework/Headers -I/Library/Developer/CommandLineTools/SDKs/MacOSX.sdk/System/Library/Frameworks/OpenGL.framework/Headers -I/opt/homebrew/share/qt/mkspecs/macx-clang -F/opt/homebrew/lib -o windowchrome_mac.o ../src/windowchrome_mac.mm
/opt/homebrew/share/qt/libexec/rcc -name resources ../src/resources.qrc -o qrc_resources.cpp
/Library/Developer/CommandLineTools/usr/bin/clang++ -c -pipe -stdlib=libc++ -O2 -std=gnu++1z  -arch arm64 -isysroot /Library/Developer/CommandLineTools/SDKs/MacOSX.sdk -mmacosx-version-min=14.0 -Wall -Wextra -DQT_NO_DEBUG -DQT_PRINTSUPPORT_LIB -DQT_WIDGETS_LIB -DQT_QUICKCONTROLS2_LIB -DQT_QUICKDIALOGS2_LIB -DQT_QUICK_LIB -DQT_OPENGL_LIB -DQT_GUI_LIB -DQT_QML_LIB -DQT_QMLINTEGRATION_LIB -DQT_NETWORK_LIB -DQT_CONCURRENT_LIB -DQT_CORE_LIB -I../../fomawrite_mac -I. -I/opt/homebrew/lib/QtPrintSupport.framework/Headers -I/opt/homebrew/lib/QtWidgets.framework/Headers -I/opt/homebrew/lib/QtQuickControls2.framework/Headers -I/opt/homebrew/lib/QtQuickDialogs2.framework/Headers -I/opt/homebrew/lib/QtQuick.framework/Headers -I/opt/homebrew/lib/QtOpenGL.framework/Headers -I/opt/homebrew/lib/QtGui.framework/Headers -I/opt/homebrew/lib/QtQml.framework/Headers -I/opt/homebrew/include -I/opt/homebrew/include/QtQmlIntegration -I/opt/homebrew/lib/QtNetwork.framework/Headers -I/opt/homebrew/lib/QtConcurrent.framework/Headers -I/opt/homebrew/lib/QtCore.framework/Headers -I. -I/Library/Developer/CommandLineTools/SDKs/MacOSX.sdk/System/Library/Frameworks/OpenGL.framework/Headers -I/Library/Developer/CommandLineTools/SDKs/MacOSX.sdk/System/Library/Frameworks/OpenGL.framework/Headers -I/opt/homebrew/share/qt/mkspecs/macx-clang -F/opt/homebrew/lib -o qrc_resources.o qrc_resources.cpp
../src/windowchrome_mac.mm:266:8: warning: 'NSSpeechSynthesizer' is deprecated: first deprecated in macOS 14.0 - Use AVSpeechSynthesizer in AVFoundation instead [-Wdeprecated-declarations]
  266 | static NSSpeechSynthesizer *writingSpeaker=nil;
      |        ^
/Library/Developer/CommandLineTools/SDKs/MacOSX.sdk/System/Library/Frameworks/AppKit.framework/Headers/NSSpeechSynthesizer.h:81:12: note: 'NSSpeechSynthesizer' has been explicitly marked deprecated here
   81 | @interface NSSpeechSynthesizer : NSObject
      |            ^
../src/windowchrome_mac.mm:268:42: warning: 'NSSpeechSynthesizer' is deprecated: first deprecated in macOS 14.0 - Use AVSpeechSynthesizer in AVFoundation instead [-Wdeprecated-declarations]
  268 |     if(!writingSpeaker) writingSpeaker=[[NSSpeechSynthesizer alloc] initWithVoice:nil];
      |                                          ^
/Library/Developer/CommandLineTools/SDKs/MacOSX.sdk/System/Library/Frameworks/AppKit.framework/Headers/NSSpeechSynthesizer.h:81:12: note: 'NSSpeechSynthesizer' has been explicitly marked deprecated here
   81 | @interface NSSpeechSynthesizer : NSObject
      |            ^
../src/windowchrome_mac.mm:268:69: warning: 'initWithVoice:' is deprecated: first deprecated in macOS 14.0 - Use AVSpeechSynthesizer in AVFoundation instead [-Wdeprecated-declarations]
  268 |     if(!writingSpeaker) writingSpeaker=[[NSSpeechSynthesizer alloc] initWithVoice:nil];
      |                                                                     ^
/Library/Developer/CommandLineTools/SDKs/MacOSX.sdk/System/Library/Frameworks/AppKit.framework/Headers/NSSpeechSynthesizer.h:83:1: note: 'initWithVoice:' has been explicitly marked deprecated here
   83 | - (nullable instancetype)initWithVoice:(nullable NSSpeechSynthesizerVoiceName)voice;
      | ^
../src/windowchrome_mac.mm:269:21: warning: 'stopSpeaking' is deprecated: first deprecated in macOS 14.0 - Use AVSpeechSynthesizer in AVFoundation instead [-Wdeprecated-declarations]
  269 |     [writingSpeaker stopSpeaking];
      |                     ^
/Library/Developer/CommandLineTools/SDKs/MacOSX.sdk/System/Library/Frameworks/AppKit.framework/Headers/NSSpeechSynthesizer.h:89:1: note: 'stopSpeaking' has been explicitly marked deprecated here
   89 | - (void)stopSpeaking;
      | ^
../src/windowchrome_mac.mm:270:21: warning: 'startSpeakingString:' is deprecated: first deprecated in macOS 14.0 - Use AVSpeechSynthesizer in AVFoundation instead [-Wdeprecated-declarations]
  270 |     [writingSpeaker startSpeakingString:[NSString stringWithUTF8String:text.toUtf8().constData()]];
      |                     ^
/Library/Developer/CommandLineTools/SDKs/MacOSX.sdk/System/Library/Frameworks/AppKit.framework/Headers/NSSpeechSynthesizer.h:85:1: note: 'startSpeakingString:' has been explicitly marked deprecated here
   85 | - (BOOL)startSpeakingString:(NSString *)string;
      | ^
../src/windowchrome_mac.mm:272:42: warning: 'stopSpeaking' is deprecated: first deprecated in macOS 14.0 - Use AVSpeechSynthesizer in AVFoundation instead [-Wdeprecated-declarations]
  272 | void macStopSpeaking() { [writingSpeaker stopSpeaking]; }
      |                                          ^
/Library/Developer/CommandLineTools/SDKs/MacOSX.sdk/System/Library/Frameworks/AppKit.framework/Headers/NSSpeechSynthesizer.h:89:1: note: 'stopSpeaking' has been explicitly marked deprecated here
   89 | - (void)stopSpeaking;
      | ^
6 warnings generated.
/Library/Developer/CommandLineTools/usr/bin/clang++ -stdlib=libc++ -headerpad_max_install_names  -arch arm64 -isysroot /Library/Developer/CommandLineTools/SDKs/MacOSX.sdk -mmacosx-version-min=14.0 -Wl,-rpath,@executable_path/../Frameworks -Wl,-rpath,/opt/homebrew/lib -o Fomawrite.app/Contents/MacOS/Fomawrite  main.o backend.o markdownhighlighter.o sourcevisualmapping.o visualtexthighlighter.o outputcss.o systemtheme_mac.o filelibrary.o markdownextensions.o workspace.o windowchrome_mac.o qrc_resources.o moc_backend.o moc_markdownhighlighter.o moc_systemtheme.o moc_filelibrary.o moc_workspace.o   -F/opt/homebrew/lib -framework QtPrintSupport -framework ApplicationServices -framework QtWidgets -framework QtQuickControls2 -framework QtQuickDialogs2 -framework QtQuick -framework QtOpenGL -framework QtGui -framework AppKit -framework ImageIO -framework Metal -framework QtQml -framework QtNetwork -framework QtConcurrent -framework QtCore -framework IOKit -framework DiskArbitration -framework UniformTypeIdentifiers -lcups -framework OpenGL
Built <checkout>/build/Fomawrite.app
